// Jest Snapshot v1, https://goo.gl/fbAQLP

exports[`SubmitButton should render correctly 1`] = `
<View
  style={
    {
      "alignSelf": "flex-end",
      "marginVertical": 10,
    }
  }
>
  <View
    accessibilityValue={
      {
        "max": undefined,
        "min": undefined,
        "now": undefined,
        "text": undefined,
      }
    }
    accessible={true}
    focusable={true}
    onClick={[Function]}
    onResponderGrant={[Function]}
    onResponderMove={[Function]}
    onResponderRelease={[Function]}
    onResponderTerminate={[Function]}
    onResponderTerminationRequest={[Function]}
    onStartShouldSetResponder={[Function]}
    style={
      {
        "alignItems": "center",
        "borderColor": "rgba(0,0,0, 0.1)",
        "borderWidth": 1,
        "height": 50,
        "justifyContent": "center",
        "paddingHorizontal": 20,
        "width": 150,
      }
    }
  >
    <Text
      style={
        {
          "color": "#666666",
          "fontWeight": "bold",
        }
      }
    >
      Title
    </Text>
  </View>
</View>
`;
