// Jest Snapshot v1, https://goo.gl/fbAQLP

exports[`SplashScreen should return correctly 1`] = `
<View
  style={
    {
      "alignItems": "center",
      "flex": 1,
      "justifyContent": "center",
    }
  }
>
  <Image
    source={1}
    style={
      {
        "height": 200,
        "width": 200,
      }
    }
  />
</View>
`;
